f66th_armor\data\backpacks\odst_rucksack\abbadon_odst ruck_co.png
f66th_armor\data\backpacks\odst_rucksack\azazel_odst ruck_co.png
f66th_armor\data\backpacks\odst_rucksack\leviathan_odst ruck_co.png
f66th_armor\data\backpacks\odst_rucksack\lilith_odst ruck_co.png
f66th_armor\data\backpacks\odst_rucksack\lucifer_odst ruck_co.png
f66th_armor\data\backpacks\odst_rucksack\odst ruck_as.png
f66th_armor\data\backpacks\odst_rucksack\odst ruck_nohq.png
f66th_armor\data\backpacks\odst_rucksack\odst ruck_smdi.png
f66th_armor\data\backpacks\odst_rucksack\odst_ruck_co.png
f66th_armor\data\backpacks\odst_rucksack\attachments\backpack_radio_odsto_smdi.png
f66th_armor\data\backpacks\odst_rucksack\attachments\backpack_radio_odst_as.png
f66th_armor\data\backpacks\odst_rucksack\attachments\backpack_radio_odst_co.png
f66th_armor\data\backpacks\odst_rucksack\attachments\backpack_radio_odst_nohq.png
f66th_armor\data\dev_gear\pebbles\pebbles_eod_helmet_r_co.png
f66th_armor\data\dev_gear\pebbles\pebbles_eod_visor_r_co.png
